
     Program AVERAGE v.7.5 starts on 13Jul2026 at 21: 8: 7 

     This program is part of the open-source Quantum ESPRESSO suite
     for quantum simulation of materials; please cite
         "P. Giannozzi et al., J. Phys.:Condens. Matter 21 395502 (2009);
         "P. Giannozzi et al., J. Phys.:Condens. Matter 29 465901 (2017);
         "P. Giannozzi et al., J. Chem. Phys. 152 154105 (2020);
          URL http://www.quantum-espresso.org", 
     in publications or presentations arising from this work. More details at
     http://www.quantum-espresso.org/quote

     Parallel version (MPI), running on     1 processors

     MPI processes distributed on     1 nodes
     23981 MiB available memory on the printing compute node when the environment starts

     Reading header from file  pot
     Reading data from file  pot
     Output written to file avg.dat

     AVERAGE      :      0.93s CPU      0.99s WALL


   This run was terminated on:  21: 8: 8  13Jul2026            

=------------------------------------------------------------------------------=
   JOB DONE.
=------------------------------------------------------------------------------=
