
     Program POST-PROC v.7.5 starts on 13Jul2026 at 20: 3:25 

     This program is part of the open-source Quantum ESPRESSO suite
     for quantum simulation of materials; please cite
         "P. Giannozzi et al., J. Phys.:Condens. Matter 21 395502 (2009);
         "P. Giannozzi et al., J. Phys.:Condens. Matter 29 465901 (2017);
         "P. Giannozzi et al., J. Chem. Phys. 152 154105 (2020);
          URL http://www.quantum-espresso.org", 
     in publications or presentations arising from this work. More details at
     http://www.quantum-espresso.org/quote

     Parallel version (MPI), running on     3 processors

     MPI processes distributed on     1 nodes
     R & G space division:  proc/nbgrp/npool/nimage =       3
     24684 MiB available memory on the printing compute node when the environment starts


     Reading xml data from directory:

     /home/nihal/Desktop/Otptf/Trial_4.save/

     IMPORTANT: XC functional enforced from input :
     Exchange-correlation= PBE
                           (   1   4   3   4   0   0   0)
     Any further DFT definition will be discarded
     Please, verify this is what you really want


     Parallelization info
     --------------------
     sticks:   dense  smooth     PW     G-vecs:    dense   smooth      PW
     Min        6675    3470    904               898423   336852   44918
     Max        6677    3471    905               898423   336857   44925
     Sum       20029   10411   2713              2695269  1010563  134763

     Using Slab Decomposition


     negative rho (up, down):  1.433E-03 1.433E-03

     Calling punch_plot, plot_num =   0
     Writing data to file  rho_defect
     Reading data from file  rho_defect

     Writing data to be plotted to file rho_defect.cube
     Plot Type: 3D                     Output format: Gaussian cube

     POST-PROC    :      9.92s CPU     12.63s WALL


   This run was terminated on:  20: 3:38  13Jul2026            

=------------------------------------------------------------------------------=
   JOB DONE.
=------------------------------------------------------------------------------=
